Archive member included because of file (symbol)

/usr/lib/gcc/arm-none-eabi/4.8.2/armv7-m/libgcc.a(_aeabi_uldivmod.o)
                              build/em_usart.o (__aeabi_uldivmod)
/usr/lib/gcc/arm-none-eabi/4.8.2/armv7-m/libgcc.a(bpabi.o)
                              /usr/lib/gcc/arm-none-eabi/4.8.2/armv7-m/libgcc.a(_aeabi_uldivmod.o) (__gnu_uldivmod_helper)
/usr/lib/gcc/arm-none-eabi/4.8.2/armv7-m/libgcc.a(_dvmd_tls.o)
                              /usr/lib/gcc/arm-none-eabi/4.8.2/armv7-m/libgcc.a(_aeabi_uldivmod.o) (__aeabi_ldiv0)
/usr/lib/gcc/arm-none-eabi/4.8.2/armv7-m/libgcc.a(_divdi3.o)
                              /usr/lib/gcc/arm-none-eabi/4.8.2/armv7-m/libgcc.a(bpabi.o) (__divdi3)
/usr/lib/gcc/arm-none-eabi/4.8.2/armv7-m/libgcc.a(_udivdi3.o)
                              /usr/lib/gcc/arm-none-eabi/4.8.2/armv7-m/libgcc.a(bpabi.o) (__udivdi3)
/usr/lib/gcc/arm-none-eabi/4.8.2/../../../arm-none-eabi/lib/armv7-m/libc.a(lib_a-atexit.o)
                              /usr/lib/gcc/arm-none-eabi/4.8.2/../../../arm-none-eabi/lib/armv7-m/crt0.o (atexit)
/usr/lib/gcc/arm-none-eabi/4.8.2/../../../arm-none-eabi/lib/armv7-m/libc.a(lib_a-exit.o)
                              /usr/lib/gcc/arm-none-eabi/4.8.2/../../../arm-none-eabi/lib/armv7-m/crt0.o (exit)
/usr/lib/gcc/arm-none-eabi/4.8.2/../../../arm-none-eabi/lib/armv7-m/libc.a(lib_a-fini.o)
                              /usr/lib/gcc/arm-none-eabi/4.8.2/../../../arm-none-eabi/lib/armv7-m/crt0.o (__libc_fini_array)
/usr/lib/gcc/arm-none-eabi/4.8.2/../../../arm-none-eabi/lib/armv7-m/libc.a(lib_a-impure.o)
                              /usr/lib/gcc/arm-none-eabi/4.8.2/../../../arm-none-eabi/lib/armv7-m/libc.a(lib_a-exit.o) (_global_impure_ptr)
/usr/lib/gcc/arm-none-eabi/4.8.2/../../../arm-none-eabi/lib/armv7-m/libc.a(lib_a-init.o)
                              /usr/lib/gcc/arm-none-eabi/4.8.2/../../../arm-none-eabi/lib/armv7-m/crt0.o (__libc_init_array)
/usr/lib/gcc/arm-none-eabi/4.8.2/../../../arm-none-eabi/lib/armv7-m/libc.a(lib_a-memset.o)
                              /usr/lib/gcc/arm-none-eabi/4.8.2/../../../arm-none-eabi/lib/armv7-m/crt0.o (memset)
/usr/lib/gcc/arm-none-eabi/4.8.2/../../../arm-none-eabi/lib/armv7-m/libc.a(lib_a-__atexit.o)
                              /usr/lib/gcc/arm-none-eabi/4.8.2/../../../arm-none-eabi/lib/armv7-m/libc.a(lib_a-atexit.o) (__register_exitproc)
/usr/lib/gcc/arm-none-eabi/4.8.2/../../../arm-none-eabi/lib/armv7-m/libc.a(lib_a-__call_atexit.o)
                              /usr/lib/gcc/arm-none-eabi/4.8.2/../../../arm-none-eabi/lib/armv7-m/libc.a(lib_a-exit.o) (__call_exitprocs)
/usr/lib/gcc/arm-none-eabi/4.8.2/../../../arm-none-eabi/lib/armv7-m/libnosys.a(_exit.o)
                              /usr/lib/gcc/arm-none-eabi/4.8.2/../../../arm-none-eabi/lib/armv7-m/libc.a(lib_a-exit.o) (_exit)

Allocating common symbols
Common symbol       size              file

rxActive            0x1               build/spi_master.o
spiRxData2          0x10              build/spi_master.o
SystemCoreClock     0x4               build/system_efm32gg.o
dmaControlBlock     0x200             build/dmactrl.o
spiCallback         0xc               build/spi_master.o
spiRxData1          0x10              build/spi_master.o
txActive            0x1               build/spi_master.o

Discarded input sections

 .text          0x0000000000000000        0x0 /usr/lib/gcc/arm-none-eabi/4.8.2/armv7-m/crti.o
 .data          0x0000000000000000        0x0 /usr/lib/gcc/arm-none-eabi/4.8.2/armv7-m/crti.o
 .bss           0x0000000000000000        0x0 /usr/lib/gcc/arm-none-eabi/4.8.2/armv7-m/crti.o
 .data          0x0000000000000000        0x4 /usr/lib/gcc/arm-none-eabi/4.8.2/armv7-m/crtbegin.o
 .data          0x0000000000000000        0x0 /usr/lib/gcc/arm-none-eabi/4.8.2/../../../arm-none-eabi/lib/armv7-m/crt0.o
 .bss           0x0000000000000000        0x0 /usr/lib/gcc/arm-none-eabi/4.8.2/../../../arm-none-eabi/lib/armv7-m/crt0.o
 .ARM.extab     0x0000000000000000        0x0 /usr/lib/gcc/arm-none-eabi/4.8.2/../../../arm-none-eabi/lib/armv7-m/crt0.o
 .text          0x0000000000000000        0x0 build/system_efm32gg.o
 .data          0x0000000000000000        0x0 build/system_efm32gg.o
 .bss           0x0000000000000000        0x0 build/system_efm32gg.o
 .text.SystemMaxCoreClockGet
                0x0000000000000000        0xc build/system_efm32gg.o
 .text.SystemHFXOClockGet
                0x0000000000000000       0x10 build/system_efm32gg.o
 .text.SystemHFXOClockSet
                0x0000000000000000       0x30 build/system_efm32gg.o
 .text.SystemLFXOClockSet
                0x0000000000000000       0x30 build/system_efm32gg.o
 .text          0x0000000000000000        0x0 build/dmactrl.o
 .data          0x0000000000000000        0x0 build/dmactrl.o
 .bss           0x0000000000000000        0x0 build/dmactrl.o
 .text          0x0000000000000000        0x0 build/em_system.o
 .data          0x0000000000000000        0x0 build/em_system.o
 .bss           0x0000000000000000        0x0 build/em_system.o
 .text.SYSTEM_GetCalibrationValue
                0x0000000000000000       0x4c build/em_system.o
 .text          0x0000000000000000        0x0 build/em_cmu.o
 .data          0x0000000000000000        0x0 build/em_cmu.o
 .bss           0x0000000000000000        0x0 build/em_cmu.o
 .text.BUS_RegMaskedWrite
                0x0000000000000000       0x20 build/em_cmu.o
 .text.CMU_Log2ToDiv
                0x0000000000000000       0x14 build/em_cmu.o
 .text.flashWaitStateControl
                0x0000000000000000       0xd8 build/em_cmu.o
 .text.flashWaitStateMax
                0x0000000000000000       0x10 build/em_cmu.o
 .text.CMU_AUXHFRCOBandGet
                0x0000000000000000       0x18 build/em_cmu.o
 .text.CMU_AUXHFRCOBandSet
                0x0000000000000000       0xd4 build/em_cmu.o
 .text.CMU_Calibrate
                0x0000000000000000       0xbc build/em_cmu.o
 .text.CMU_CalibrateConfig
                0x0000000000000000       0xe4 build/em_cmu.o
 .text.CMU_CalibrateCountGet
                0x0000000000000000       0x3c build/em_cmu.o
 .text.CMU_ClockDivGet
                0x0000000000000000      0x1b0 build/em_cmu.o
 .text.CMU_ClockDivSet
                0x0000000000000000      0x2a4 build/em_cmu.o
 .text.CMU_ClockSelectSet
                0x0000000000000000      0x344 build/em_cmu.o
 .text.CMU_FreezeEnable
                0x0000000000000000       0x40 build/em_cmu.o
 .text.CMU_HFRCOBandGet
                0x0000000000000000       0x18 build/em_cmu.o
 .text.CMU_HFRCOBandSet
                0x0000000000000000      0x114 build/em_cmu.o
 .text.CMU_HFRCOStartupDelayGet
                0x0000000000000000       0x14 build/em_cmu.o
 .text.CMU_HFRCOStartupDelaySet
                0x0000000000000000       0x30 build/em_cmu.o
 .text.CMU_HFXOInit
                0x0000000000000000       0x54 build/em_cmu.o
 .text.CMU_LCDClkFDIVGet
                0x0000000000000000       0x14 build/em_cmu.o
 .text.CMU_LCDClkFDIVSet
                0x0000000000000000       0x40 build/em_cmu.o
 .text.CMU_LFXOInit
                0x0000000000000000       0x84 build/em_cmu.o
 .text.CMU_OscillatorEnable
                0x0000000000000000       0xd0 build/em_cmu.o
 .text.CMU_OscillatorTuningGet
                0x0000000000000000       0x58 build/em_cmu.o
 .text.CMU_OscillatorTuningSet
                0x0000000000000000       0x90 build/em_cmu.o
 .text.CMU_PCNTClockExternalGet
                0x0000000000000000       0x64 build/em_cmu.o
 .text.CMU_PCNTClockExternalSet
                0x0000000000000000       0x38 build/em_cmu.o
 .text          0x0000000000000000        0x0 build/em_dma.o
 .data          0x0000000000000000        0x0 build/em_dma.o
 .bss           0x0000000000000000        0x0 build/em_dma.o
 .text.DMA_ActivateAuto
                0x0000000000000000       0x54 build/em_dma.o
 .text.DMA_ActivatePingPong
                0x0000000000000000       0x5c build/em_dma.o
 .text.DMA_ActivateScatterGather
                0x0000000000000000      0x160 build/em_dma.o
 .text.DMA_CfgLoop
                0x0000000000000000       0x50 build/em_dma.o
 .text.DMA_CfgRect
                0x0000000000000000       0x2c build/em_dma.o
 .text.DMA_CfgDescrScatterGather
                0x0000000000000000       0xcc build/em_dma.o
 .text.DMA_ChannelEnable
                0x0000000000000000       0x3c build/em_dma.o
 .text.DMA_ChannelEnabled
                0x0000000000000000       0x28 build/em_dma.o
 .text.DMA_ChannelRequestEnable
                0x0000000000000000       0x3c build/em_dma.o
 .text.DMA_RefreshPingPong
                0x0000000000000000      0x10c build/em_dma.o
 .text          0x0000000000000000        0x0 build/em_emu.o
 .data          0x0000000000000000        0x0 build/em_emu.o
 .bss           0x0000000000000000        0x0 build/em_emu.o
 .text.SystemCoreClockUpdate
                0x0000000000000000        0x8 build/em_emu.o
 .text.BUS_RegBitWrite
                0x0000000000000000       0x24 build/em_emu.o
 .text.EMU_BUPinEnable
                0x0000000000000000       0x24 build/em_emu.o
 .text.EMU_Unlock
                0x0000000000000000       0x10 build/em_emu.o
 .text.CMU_Lock
                0x0000000000000000       0x10 build/em_emu.o
 .text.CMU_Unlock
                0x0000000000000000       0x14 build/em_emu.o
 .bss.cmuStatus
                0x0000000000000000        0x4 build/em_emu.o
 .text.emuRestore
                0x0000000000000000      0x144 build/em_emu.o
 .text.getErrataFixEmuE107En
                0x0000000000000000       0x78 build/em_emu.o
 .text.EMU_EnterEM2
                0x0000000000000000       0xd8 build/em_emu.o
 .text.EMU_EnterEM3
                0x0000000000000000      0x104 build/em_emu.o
 .text.EMU_EnterEM4
                0x0000000000000000       0x68 build/em_emu.o
 .text.EMU_MemPwrDown
                0x0000000000000000       0x14 build/em_emu.o
 .text.EMU_UpdateOscConfig
                0x0000000000000000       0x18 build/em_emu.o
 .text.EMU_EM23Init
                0x0000000000000000       0x38 build/em_emu.o
 .text.EMU_EM4Init
                0x0000000000000000       0x4c build/em_emu.o
 .text.EMU_BUPDInit
                0x0000000000000000       0xf8 build/em_emu.o
 .text.EMU_BUThresholdSet
                0x0000000000000000       0x58 build/em_emu.o
 .text.EMU_BUThresRangeSet
                0x0000000000000000       0x5c build/em_emu.o
 .debug_info    0x0000000000000000      0xc6a build/em_emu.o
 .debug_abbrev  0x0000000000000000      0x270 build/em_emu.o
 .debug_aranges
                0x0000000000000000       0xa8 build/em_emu.o
 .debug_ranges  0x0000000000000000       0x98 build/em_emu.o
 .debug_line    0x0000000000000000      0x374 build/em_emu.o
 .debug_str     0x0000000000000000      0x7d5 build/em_emu.o
 .comment       0x0000000000000000       0x20 build/em_emu.o
 .ARM.attributes
                0x0000000000000000       0x33 build/em_emu.o
 .debug_frame   0x0000000000000000      0x184 build/em_emu.o
 .text          0x0000000000000000        0x0 build/em_gpio.o
 .data          0x0000000000000000        0x0 build/em_gpio.o
 .bss           0x0000000000000000        0x0 build/em_gpio.o
 .text.BUS_RegBitWrite
                0x0000000000000000       0x24 build/em_gpio.o
 .text.BUS_RegMaskedWrite
                0x0000000000000000       0x20 build/em_gpio.o
 .text.GPIO_EM4SetPinRetention
                0x0000000000000000       0x50 build/em_gpio.o
 .text.GPIO_DbgLocationSet
                0x0000000000000000       0x2c build/em_gpio.o
 .text.GPIO_DriveModeSet
                0x0000000000000000       0x8c build/em_gpio.o
 .text.GPIO_ExtIntConfig
                0x0000000000000000       0xec build/em_gpio.o
 .text.GPIO_PinModeGet
                0x0000000000000000       0xa0 build/em_gpio.o
 .text.GPIO_EM4EnablePinWakeup
                0x0000000000000000       0x7c build/em_gpio.o
 .text          0x0000000000000000        0x0 build/em_usart.o
 .data          0x0000000000000000        0x0 build/em_usart.o
 .bss           0x0000000000000000        0x0 build/em_usart.o
 .text.USART_BaudrateAsyncSet
                0x0000000000000000       0xc0 build/em_usart.o
 .text.USART_BaudrateCalc
                0x0000000000000000      0x124 build/em_usart.o
 .text.USART_BaudrateGet
                0x0000000000000000       0x58 build/em_usart.o
 .text.USART_InitAsync
                0x0000000000000000       0xbc build/em_usart.o
 .text.USARTn_InitIrDA
                0x0000000000000000       0x6c build/em_usart.o
 .text.USART_InitI2s
                0x0000000000000000       0x9c build/em_usart.o
 .text.USART_InitPrsTrigger
                0x0000000000000000       0x54 build/em_usart.o
 .text.USART_Rx
                0x0000000000000000       0x20 build/em_usart.o
 .text.USART_RxDouble
                0x0000000000000000       0x20 build/em_usart.o
 .text.USART_RxDoubleExt
                0x0000000000000000       0x1c build/em_usart.o
 .text.USART_RxExt
                0x0000000000000000       0x20 build/em_usart.o
 .text.USART_SpiTransfer
                0x0000000000000000       0x3c build/em_usart.o
 .text.USART_Tx
                0x0000000000000000       0x24 build/em_usart.o
 .text.USART_TxDouble
                0x0000000000000000       0x24 build/em_usart.o
 .text.USART_TxDoubleExt
                0x0000000000000000       0x20 build/em_usart.o
 .text.USART_TxExt
                0x0000000000000000       0x24 build/em_usart.o
 .text          0x0000000000000000        0x0 build/em_int.o
 .data          0x0000000000000000        0x0 build/em_int.o
 .bss           0x0000000000000000        0x0 build/em_int.o
 .text          0x0000000000000000        0x0 build/spi_master.o
 .data          0x0000000000000000        0x0 build/spi_master.o
 .bss           0x0000000000000000        0x0 build/spi_master.o
 .data          0x0000000000000000        0x0 build/startup_efm32gg.o
 .bss           0x0000000000000000        0x0 build/startup_efm32gg.o
 .text          0x0000000000000000       0x2c /usr/lib/gcc/arm-none-eabi/4.8.2/armv7-m/libgcc.a(_aeabi_uldivmod.o)
 .data          0x0000000000000000        0x0 /usr/lib/gcc/arm-none-eabi/4.8.2/armv7-m/libgcc.a(_aeabi_uldivmod.o)
 .bss           0x0000000000000000        0x0 /usr/lib/gcc/arm-none-eabi/4.8.2/armv7-m/libgcc.a(_aeabi_uldivmod.o)
 .ARM.attributes
                0x0000000000000000       0x1d /usr/lib/gcc/arm-none-eabi/4.8.2/armv7-m/libgcc.a(_aeabi_uldivmod.o)
 .debug_line    0x0000000000000000       0x68 /usr/lib/gcc/arm-none-eabi/4.8.2/armv7-m/libgcc.a(_aeabi_uldivmod.o)
 .debug_info    0x0000000000000000       0x9b /usr/lib/gcc/arm-none-eabi/4.8.2/armv7-m/libgcc.a(_aeabi_uldivmod.o)
 .debug_abbrev  0x0000000000000000       0x14 /usr/lib/gcc/arm-none-eabi/4.8.2/armv7-m/libgcc.a(_aeabi_uldivmod.o)
 .debug_aranges
                0x0000000000000000       0x20 /usr/lib/gcc/arm-none-eabi/4.8.2/armv7-m/libgcc.a(_aeabi_uldivmod.o)
 .text          0x0000000000000000       0x60 /usr/lib/gcc/arm-none-eabi/4.8.2/armv7-m/libgcc.a(bpabi.o)
 .data          0x0000000000000000        0x0 /usr/lib/gcc/arm-none-eabi/4.8.2/armv7-m/libgcc.a(bpabi.o)
 .bss           0x0000000000000000        0x0 /usr/lib/gcc/arm-none-eabi/4.8.2/armv7-m/libgcc.a(bpabi.o)
 .debug_info    0x0000000000000000      0x164 /usr/lib/gcc/arm-none-eabi/4.8.2/armv7-m/libgcc.a(bpabi.o)
 .debug_abbrev  0x0000000000000000       0xb7 /usr/lib/gcc/arm-none-eabi/4.8.2/armv7-m/libgcc.a(bpabi.o)
 .debug_loc     0x0000000000000000       0xa0 /usr/lib/gcc/arm-none-eabi/4.8.2/armv7-m/libgcc.a(bpabi.o)
 .debug_aranges
                0x0000000000000000       0x20 /usr/lib/gcc/arm-none-eabi/4.8.2/armv7-m/libgcc.a(bpabi.o)
 .debug_line    0x0000000000000000       0x68 /usr/lib/gcc/arm-none-eabi/4.8.2/armv7-m/libgcc.a(bpabi.o)
 .debug_str     0x0000000000000000      0x19e /usr/lib/gcc/arm-none-eabi/4.8.2/armv7-m/libgcc.a(bpabi.o)
 .comment       0x0000000000000000       0x20 /usr/lib/gcc/arm-none-eabi/4.8.2/armv7-m/libgcc.a(bpabi.o)
 .ARM.attributes
                0x0000000000000000       0x2d /usr/lib/gcc/arm-none-eabi/4.8.2/armv7-m/libgcc.a(bpabi.o)
 .debug_frame   0x0000000000000000       0x58 /usr/lib/gcc/arm-none-eabi/4.8.2/armv7-m/libgcc.a(bpabi.o)
 .text          0x0000000000000000        0x4 /usr/lib/gcc/arm-none-eabi/4.8.2/armv7-m/libgcc.a(_dvmd_tls.o)
 .data          0x0000000000000000        0x0 /usr/lib/gcc/arm-none-eabi/4.8.2/armv7-m/libgcc.a(_dvmd_tls.o)
 .bss           0x0000000000000000        0x0 /usr/lib/gcc/arm-none-eabi/4.8.2/armv7-m/libgcc.a(_dvmd_tls.o)
 .ARM.attributes
                0x0000000000000000       0x1d /usr/lib/gcc/arm-none-eabi/4.8.2/armv7-m/libgcc.a(_dvmd_tls.o)
 .debug_line    0x0000000000000000       0x64 /usr/lib/gcc/arm-none-eabi/4.8.2/armv7-m/libgcc.a(_dvmd_tls.o)
 .debug_info    0x0000000000000000       0x9f /usr/lib/gcc/arm-none-eabi/4.8.2/armv7-m/libgcc.a(_dvmd_tls.o)
 .debug_abbrev  0x0000000000000000       0x14 /usr/lib/gcc/arm-none-eabi/4.8.2/armv7-m/libgcc.a(_dvmd_tls.o)
 .debug_aranges
                0x0000000000000000       0x20 /usr/lib/gcc/arm-none-eabi/4.8.2/armv7-m/libgcc.a(_dvmd_tls.o)
 .text          0x0000000000000000      0x2bc /usr/lib/gcc/arm-none-eabi/4.8.2/armv7-m/libgcc.a(_divdi3.o)
 .data          0x0000000000000000        0x0 /usr/lib/gcc/arm-none-eabi/4.8.2/armv7-m/libgcc.a(_divdi3.o)
 .bss           0x0000000000000000        0x0 /usr/lib/gcc/arm-none-eabi/4.8.2/armv7-m/libgcc.a(_divdi3.o)
 .ARM.extab     0x0000000000000000        0x0 /usr/lib/gcc/arm-none-eabi/4.8.2/armv7-m/libgcc.a(_divdi3.o)
 .ARM.exidx     0x0000000000000000        0x8 /usr/lib/gcc/arm-none-eabi/4.8.2/armv7-m/libgcc.a(_divdi3.o)
 .debug_info    0x0000000000000000      0x5bd /usr/lib/gcc/arm-none-eabi/4.8.2/armv7-m/libgcc.a(_divdi3.o)
 .debug_abbrev  0x0000000000000000      0x165 /usr/lib/gcc/arm-none-eabi/4.8.2/armv7-m/libgcc.a(_divdi3.o)
 .debug_loc     0x0000000000000000      0xa76 /usr/lib/gcc/arm-none-eabi/4.8.2/armv7-m/libgcc.a(_divdi3.o)
 .debug_aranges
                0x0000000000000000       0x20 /usr/lib/gcc/arm-none-eabi/4.8.2/armv7-m/libgcc.a(_divdi3.o)
 .debug_ranges  0x0000000000000000       0xa8 /usr/lib/gcc/arm-none-eabi/4.8.2/armv7-m/libgcc.a(_divdi3.o)
 .debug_line    0x0000000000000000       0xdc /usr/lib/gcc/arm-none-eabi/4.8.2/armv7-m/libgcc.a(_divdi3.o)
 .debug_str     0x0000000000000000      0x24c /usr/lib/gcc/arm-none-eabi/4.8.2/armv7-m/libgcc.a(_divdi3.o)
 .comment       0x0000000000000000       0x20 /usr/lib/gcc/arm-none-eabi/4.8.2/armv7-m/libgcc.a(_divdi3.o)
 .ARM.attributes
                0x0000000000000000       0x2d /usr/lib/gcc/arm-none-eabi/4.8.2/armv7-m/libgcc.a(_divdi3.o)
 .debug_frame   0x0000000000000000       0x34 /usr/lib/gcc/arm-none-eabi/4.8.2/armv7-m/libgcc.a(_divdi3.o)
 .text          0x0000000000000000      0x284 /usr/lib/gcc/arm-none-eabi/4.8.2/armv7-m/libgcc.a(_udivdi3.o)
 .data          0x0000000000000000        0x0 /usr/lib/gcc/arm-none-eabi/4.8.2/armv7-m/libgcc.a(_udivdi3.o)
 .bss           0x0000000000000000        0x0 /usr/lib/gcc/arm-none-eabi/4.8.2/armv7-m/libgcc.a(_udivdi3.o)
 .ARM.extab     0x0000000000000000        0x0 /usr/lib/gcc/arm-none-eabi/4.8.2/armv7-m/libgcc.a(_udivdi3.o)
 .ARM.exidx     0x0000000000000000        0x8 /usr/lib/gcc/arm-none-eabi/4.8.2/armv7-m/libgcc.a(_udivdi3.o)
 .debug_info    0x0000000000000000      0x57c /usr/lib/gcc/arm-none-eabi/4.8.2/armv7-m/libgcc.a(_udivdi3.o)
 .debug_abbrev  0x0000000000000000      0x154 /usr/lib/gcc/arm-none-eabi/4.8.2/armv7-m/libgcc.a(_udivdi3.o)
 .debug_loc     0x0000000000000000      0xb3f /usr/lib/gcc/arm-none-eabi/4.8.2/armv7-m/libgcc.a(_udivdi3.o)
 .debug_aranges
                0x0000000000000000       0x20 /usr/lib/gcc/arm-none-eabi/4.8.2/armv7-m/libgcc.a(_udivdi3.o)
 .debug_ranges  0x0000000000000000       0xd8 /usr/lib/gcc/arm-none-eabi/4.8.2/armv7-m/libgcc.a(_udivdi3.o)
 .debug_line    0x0000000000000000       0xd8 /usr/lib/gcc/arm-none-eabi/4.8.2/armv7-m/libgcc.a(_udivdi3.o)
 .debug_str     0x0000000000000000      0x24d /usr/lib/gcc/arm-none-eabi/4.8.2/armv7-m/libgcc.a(_udivdi3.o)
 .comment       0x0000000000000000       0x20 /usr/lib/gcc/arm-none-eabi/4.8.2/armv7-m/libgcc.a(_udivdi3.o)
 .ARM.attributes
                0x0000000000000000       0x2d /usr/lib/gcc/arm-none-eabi/4.8.2/armv7-m/libgcc.a(_udivdi3.o)
 .debug_frame   0x0000000000000000       0x30 /usr/lib/gcc/arm-none-eabi/4.8.2/armv7-m/libgcc.a(_udivdi3.o)
 .text          0x0000000000000000        0x0 /usr/lib/gcc/arm-none-eabi/4.8.2/../../../arm-none-eabi/lib/armv7-m/libc.a(lib_a-atexit.o)
 .data          0x0000000000000000        0x0 /usr/lib/gcc/arm-none-eabi/4.8.2/../../../arm-none-eabi/lib/armv7-m/libc.a(lib_a-atexit.o)
 .bss           0x0000000000000000        0x0 /usr/lib/gcc/arm-none-eabi/4.8.2/../../../arm-none-eabi/lib/armv7-m/libc.a(lib_a-atexit.o)
 .text          0x0000000000000000        0x0 /usr/lib/gcc/arm-none-eabi/4.8.2/../../../arm-none-eabi/lib/armv7-m/libc.a(lib_a-exit.o)
 .data          0x0000000000000000        0x0 /usr/lib/gcc/arm-none-eabi/4.8.2/../../../arm-none-eabi/lib/armv7-m/libc.a(lib_a-exit.o)
 .bss           0x0000000000000000        0x0 /usr/lib/gcc/arm-none-eabi/4.8.2/../../../arm-none-eabi/lib/armv7-m/libc.a(lib_a-exit.o)
 .text          0x0000000000000000        0x0 /usr/lib/gcc/arm-none-eabi/4.8.2/../../../arm-none-eabi/lib/armv7-m/libc.a(lib_a-fini.o)
 .data          0x0000000000000000        0x0 /usr/lib/gcc/arm-none-eabi/4.8.2/../../../arm-none-eabi/lib/armv7-m/libc.a(lib_a-fini.o)
 .bss           0x0000000000000000        0x0 /usr/lib/gcc/arm-none-eabi/4.8.2/../../../arm-none-eabi/lib/armv7-m/libc.a(lib_a-fini.o)
 .text          0x0000000000000000        0x0 /usr/lib/gcc/arm-none-eabi/4.8.2/../../../arm-none-eabi/lib/armv7-m/libc.a(lib_a-impure.o)
 .data          0x0000000000000000        0x0 /usr/lib/gcc/arm-none-eabi/4.8.2/../../../arm-none-eabi/lib/armv7-m/libc.a(lib_a-impure.o)
 .bss           0x0000000000000000        0x0 /usr/lib/gcc/arm-none-eabi/4.8.2/../../../arm-none-eabi/lib/armv7-m/libc.a(lib_a-impure.o)
 .data._impure_ptr
                0x0000000000000000        0x4 /usr/lib/gcc/arm-none-eabi/4.8.2/../../../arm-none-eabi/lib/armv7-m/libc.a(lib_a-impure.o)
 .text          0x0000000000000000        0x0 /usr/lib/gcc/arm-none-eabi/4.8.2/../../../arm-none-eabi/lib/armv7-m/libc.a(lib_a-init.o)
 .data          0x0000000000000000        0x0 /usr/lib/gcc/arm-none-eabi/4.8.2/../../../arm-none-eabi/lib/armv7-m/libc.a(lib_a-init.o)
 .bss           0x0000000000000000        0x0 /usr/lib/gcc/arm-none-eabi/4.8.2/../../../arm-none-eabi/lib/armv7-m/libc.a(lib_a-init.o)
 .text          0x0000000000000000        0x0 /usr/lib/gcc/arm-none-eabi/4.8.2/../../../arm-none-eabi/lib/armv7-m/libc.a(lib_a-memset.o)
 .data          0x0000000000000000        0x0 /usr/lib/gcc/arm-none-eabi/4.8.2/../../../arm-none-eabi/lib/armv7-m/libc.a(lib_a-memset.o)
 .bss           0x0000000000000000        0x0 /usr/lib/gcc/arm-none-eabi/4.8.2/../../../arm-none-eabi/lib/armv7-m/libc.a(lib_a-memset.o)
 .text          0x0000000000000000        0x0 /usr/lib/gcc/arm-none-eabi/4.8.2/../../../arm-none-eabi/lib/armv7-m/libc.a(lib_a-__atexit.o)
 .data          0x0000000000000000        0x0 /usr/lib/gcc/arm-none-eabi/4.8.2/../../../arm-none-eabi/lib/armv7-m/libc.a(lib_a-__atexit.o)
 .bss           0x0000000000000000        0x0 /usr/lib/gcc/arm-none-eabi/4.8.2/../../../arm-none-eabi/lib/armv7-m/libc.a(lib_a-__atexit.o)
 .text          0x0000000000000000        0x0 /usr/lib/gcc/arm-none-eabi/4.8.2/../../../arm-none-eabi/lib/armv7-m/libc.a(lib_a-__call_atexit.o)
 .data          0x0000000000000000        0x0 /usr/lib/gcc/arm-none-eabi/4.8.2/../../../arm-none-eabi/lib/armv7-m/libc.a(lib_a-__call_atexit.o)
 .bss           0x0000000000000000        0x0 /usr/lib/gcc/arm-none-eabi/4.8.2/../../../arm-none-eabi/lib/armv7-m/libc.a(lib_a-__call_atexit.o)
 .text          0x0000000000000000        0x0 /usr/lib/gcc/arm-none-eabi/4.8.2/../../../arm-none-eabi/lib/armv7-m/libnosys.a(_exit.o)
 .data          0x0000000000000000        0x0 /usr/lib/gcc/arm-none-eabi/4.8.2/../../../arm-none-eabi/lib/armv7-m/libnosys.a(_exit.o)
 .bss           0x0000000000000000        0x0 /usr/lib/gcc/arm-none-eabi/4.8.2/../../../arm-none-eabi/lib/armv7-m/libnosys.a(_exit.o)
 .text          0x0000000000000000        0x0 /usr/lib/gcc/arm-none-eabi/4.8.2/armv7-m/crtend.o
 .data          0x0000000000000000        0x0 /usr/lib/gcc/arm-none-eabi/4.8.2/armv7-m/crtend.o
 .bss           0x0000000000000000        0x0 /usr/lib/gcc/arm-none-eabi/4.8.2/armv7-m/crtend.o
 .text          0x0000000000000000        0x0 /usr/lib/gcc/arm-none-eabi/4.8.2/armv7-m/crtn.o
 .data          0x0000000000000000        0x0 /usr/lib/gcc/arm-none-eabi/4.8.2/armv7-m/crtn.o
 .bss           0x0000000000000000        0x0 /usr/lib/gcc/arm-none-eabi/4.8.2/armv7-m/crtn.o

Memory Configuration

Name             Origin             Length             Attributes
FLASH            0x0000000000000000 0x0000000000100000 xr
RAM              0x0000000020000000 0x0000000000020000 xrw
*default*        0x0000000000000000 0xffffffffffffffff

Linker script and memory map

LOAD /usr/lib/gcc/arm-none-eabi/4.8.2/armv7-m/crti.o
LOAD /usr/lib/gcc/arm-none-eabi/4.8.2/armv7-m/crtbegin.o
LOAD /usr/lib/gcc/arm-none-eabi/4.8.2/../../../arm-none-eabi/lib/armv7-m/crt0.o
LOAD build/system_efm32gg.o
LOAD build/dmactrl.o
LOAD build/em_system.o
LOAD build/em_cmu.o
LOAD build/em_dma.o
LOAD build/em_emu.o
LOAD build/em_gpio.o
LOAD build/em_usart.o
LOAD build/em_int.o
LOAD build/spi_master.o
LOAD build/startup_efm32gg.o
START GROUP
LOAD /usr/lib/gcc/arm-none-eabi/4.8.2/armv7-m/libgcc.a
LOAD /usr/lib/gcc/arm-none-eabi/4.8.2/../../../arm-none-eabi/lib/armv7-m/libc.a
LOAD /usr/lib/gcc/arm-none-eabi/4.8.2/../../../arm-none-eabi/lib/armv7-m/libnosys.a
END GROUP
START GROUP
LOAD /usr/lib/gcc/arm-none-eabi/4.8.2/armv7-m/libgcc.a
LOAD /usr/lib/gcc/arm-none-eabi/4.8.2/../../../arm-none-eabi/lib/armv7-m/libc.a
END GROUP
LOAD /usr/lib/gcc/arm-none-eabi/4.8.2/armv7-m/crtend.o
LOAD /usr/lib/gcc/arm-none-eabi/4.8.2/armv7-m/crtn.o

.text           0x0000000000000000     0x1f10
 *(.vectors)
 .vectors       0x0000000000000000       0xdc build/startup_efm32gg.o
                0x0000000000000000                __Vectors
                0x00000000000000dc                __Vectors_End = .
                0x00000000000000dc                __Vectors_Size = (__Vectors_End - __Vectors)
                0x00000000000000dc                __end__ = .
 *(.text*)
 .text          0x00000000000000dc       0xc8 /usr/lib/gcc/arm-none-eabi/4.8.2/armv7-m/crtbegin.o
 .text          0x00000000000001a4       0x68 /usr/lib/gcc/arm-none-eabi/4.8.2/../../../arm-none-eabi/lib/armv7-m/crt0.o
                0x00000000000001a4                _mainCRTStartup
                0x00000000000001a4                _start
 .text.GetProdRev
                0x000000000000020c       0x14 build/system_efm32gg.o
 .text.SystemCoreClockGet
                0x0000000000000220       0x38 build/system_efm32gg.o
                0x0000000000000220                SystemCoreClockGet
 .text.SystemHFClockGet
                0x0000000000000258      0x120 build/system_efm32gg.o
                0x0000000000000258                SystemHFClockGet
 .text.SystemInit
                0x0000000000000378        0x4 build/system_efm32gg.o
                0x0000000000000378                SystemInit
 .text.SystemLFRCOClockGet
                0x000000000000037c        0x8 build/system_efm32gg.o
                0x000000000000037c                SystemLFRCOClockGet
 .text.SystemULFRCOClockGet
                0x0000000000000384        0x8 build/system_efm32gg.o
                0x0000000000000384                SystemULFRCOClockGet
 .text.SystemLFXOClockGet
                0x000000000000038c       0x10 build/system_efm32gg.o
                0x000000000000038c                SystemLFXOClockGet
 .text.SYSTEM_ChipRevisionGet
                0x000000000000039c       0x94 build/em_system.o
                0x000000000000039c                SYSTEM_ChipRevisionGet
 .text.BUS_RegBitWrite
                0x0000000000000430       0x24 build/em_cmu.o
 .text.BUS_RegBitRead
                0x0000000000000454       0x20 build/em_cmu.o
 .text.CMU_DivToLog2
                0x0000000000000474       0x28 build/em_cmu.o
 .text.SYSTEM_GetProdRev
                0x000000000000049c       0x14 build/em_cmu.o
 .text.SYSTEM_GetFamily
                0x00000000000004b0       0x18 build/em_cmu.o
 .text.maxFreqHfle
                0x00000000000004c8       0x9c build/em_cmu.o
 .text.setHfLeConfig
                0x0000000000000564       0x40 build/em_cmu.o
 .text.getHfLeConfig
                0x00000000000005a4       0x30 build/em_cmu.o
 .text.auxClkGet
                0x00000000000005d4       0xc0 build/em_cmu.o
 .text.dbgClkGet
                0x0000000000000694       0x40 build/em_cmu.o
 .text.lfClkGet
                0x00000000000006d4      0x108 build/em_cmu.o
 .text.syncReg  0x00000000000007dc       0x30 build/em_cmu.o
 .text.usbCClkGet
                0x000000000000080c       0x50 build/em_cmu.o
 .text.CMU_ClockEnable
                0x000000000000085c       0xe4 build/em_cmu.o
                0x000000000000085c                CMU_ClockEnable
 .text.CMU_ClockFreqGet
                0x0000000000000940      0x224 build/em_cmu.o
                0x0000000000000940                CMU_ClockFreqGet
 .text.CMU_ClockSelectGet
                0x0000000000000b64      0x1a4 build/em_cmu.o
                0x0000000000000b64                CMU_ClockSelectGet
 .text.NVIC_EnableIRQ
                0x0000000000000d08       0x2c build/em_dma.o
 .text.NVIC_DisableIRQ
                0x0000000000000d34       0x30 build/em_dma.o
 .text.NVIC_ClearPendingIRQ
                0x0000000000000d64       0x30 build/em_dma.o
 .text.BUS_RegBitWrite
                0x0000000000000d94       0x24 build/em_dma.o
 .text.DMA_Prepare
                0x0000000000000db8      0x12c build/em_dma.o
 .text.DMA_IRQHandler
                0x0000000000000ee4       0xf0 build/em_dma.o
                0x0000000000000ee4                DMA_IRQHandler
 .text.DMA_ActivateBasic
                0x0000000000000fd4       0x48 build/em_dma.o
                0x0000000000000fd4                DMA_ActivateBasic
 .text.DMA_CfgChannel
                0x000000000000101c       0xb0 build/em_dma.o
                0x000000000000101c                DMA_CfgChannel
 .text.DMA_CfgDescr
                0x00000000000010cc       0x70 build/em_dma.o
                0x00000000000010cc                DMA_CfgDescr
 .text.DMA_Init
                0x000000000000113c       0x60 build/em_dma.o
                0x000000000000113c                DMA_Init
 .text.DMA_Reset
                0x000000000000119c       0xc0 build/em_dma.o
                0x000000000000119c                DMA_Reset
 .text.GPIO_PinOutClear
                0x000000000000125c       0x60 build/em_gpio.o
 .text.GPIO_PinOutSet
                0x00000000000012bc       0x60 build/em_gpio.o
 .text.GPIO_PinModeSet
                0x000000000000131c      0x148 build/em_gpio.o
                0x000000000000131c                GPIO_PinModeSet
 .text.BUS_RegMaskedWrite
                0x0000000000001464       0x20 build/em_usart.o
 .text.USART_BaudrateSyncSet
                0x0000000000001484       0x7c build/em_usart.o
                0x0000000000001484                USART_BaudrateSyncSet
 .text.USART_Enable
                0x0000000000001500       0x78 build/em_usart.o
                0x0000000000001500                USART_Enable
 .text.USART_InitSync
                0x0000000000001578       0xd0 build/em_usart.o
                0x0000000000001578                USART_InitSync
 .text.USART_Reset
                0x0000000000001648       0xc4 build/em_usart.o
                0x0000000000001648                USART_Reset
 .text.GPIO_PinOutSet
                0x000000000000170c       0x60 build/spi_master.o
 .text.CHIP_Init
                0x000000000000176c       0x4c build/spi_master.o
 .text.EMU_EnterEM1
                0x00000000000017b8       0x1c build/spi_master.o
 .text.INT_Disable
                0x00000000000017d4       0x38 build/spi_master.o
 .text.INT_Enable
                0x000000000000180c       0x48 build/spi_master.o
 .text.transferComplete
                0x0000000000001854       0x38 build/spi_master.o
                0x0000000000001854                transferComplete
 .text.setupCmu
                0x000000000000188c       0x30 build/spi_master.o
                0x000000000000188c                setupCmu
 .text.setupSpi
                0x00000000000018bc       0xb4 build/spi_master.o
                0x00000000000018bc                setupSpi
 .text.setupDma
                0x0000000000001970       0xe4 build/spi_master.o
                0x0000000000001970                setupDma
 .text.spiDmaTransfer
                0x0000000000001a54       0x8c build/spi_master.o
                0x0000000000001a54                spiDmaTransfer
 .text.spiDmaIsActive
                0x0000000000001ae0       0x38 build/spi_master.o
                0x0000000000001ae0                spiDmaIsActive
 .text.sleepUntilDmaDone
                0x0000000000001b18       0x40 build/spi_master.o
                0x0000000000001b18                sleepUntilDmaDone
 .text.main     0x0000000000001b58       0x2c build/spi_master.o
                0x0000000000001b58                main
 .text          0x0000000000001b84       0x30 build/startup_efm32gg.o
                0x0000000000001b84                Reset_Handler
                0x0000000000001bb0                TIMER2_IRQHandler
                0x0000000000001bb0                DebugMon_Handler
                0x0000000000001bb0                USART0_TX_IRQHandler
                0x0000000000001bb0                I2C0_IRQHandler
                0x0000000000001bb0                HardFault_Handler
                0x0000000000001bb0                LEUART1_IRQHandler
                0x0000000000001bb0                SysTick_Handler
                0x0000000000001bb0                USART1_RX_IRQHandler
                0x0000000000001bb0                PendSV_Handler
                0x0000000000001bb0                NMI_Handler
                0x0000000000001bb0                I2C1_IRQHandler
                0x0000000000001bb0                TIMER3_IRQHandler
                0x0000000000001bb0                USART1_TX_IRQHandler
                0x0000000000001bb0                MSC_IRQHandler
                0x0000000000001bb0                ADC0_IRQHandler
                0x0000000000001bb0                UsageFault_Handler
                0x0000000000001bb0                LEUART0_IRQHandler
                0x0000000000001bb0                GPIO_EVEN_IRQHandler
                0x0000000000001bb0                UART0_TX_IRQHandler
                0x0000000000001bb0                UART1_TX_IRQHandler
                0x0000000000001bb0                RTC_IRQHandler
                0x0000000000001bb0                TIMER0_IRQHandler
                0x0000000000001bb0                LCD_IRQHandler
                0x0000000000001bb0                PCNT2_IRQHandler
                0x0000000000001bb0                UART0_RX_IRQHandler
                0x0000000000001bb0                LETIMER0_IRQHandler
                0x0000000000001bb0                TIMER1_IRQHandler
                0x0000000000001bb0                USART2_RX_IRQHandler
                0x0000000000001bb0                Default_Handler
                0x0000000000001bb0                EMU_IRQHandler
                0x0000000000001bb0                PCNT0_IRQHandler
                0x0000000000001bb0                USB_IRQHandler
                0x0000000000001bb0                BURTC_IRQHandler
                0x0000000000001bb0                PCNT1_IRQHandler
                0x0000000000001bb0                ACMP0_IRQHandler
                0x0000000000001bb0                USART0_RX_IRQHandler
                0x0000000000001bb0                MemManage_Handler
                0x0000000000001bb0                SVC_Handler
                0x0000000000001bb0                DAC0_IRQHandler
                0x0000000000001bb0                UART1_RX_IRQHandler
                0x0000000000001bb0                CMU_IRQHandler
                0x0000000000001bb0                EBI_IRQHandler
                0x0000000000001bb0                LESENSE_IRQHandler
                0x0000000000001bb0                GPIO_ODD_IRQHandler
                0x0000000000001bb0                AES_IRQHandler
                0x0000000000001bb0                VCMP_IRQHandler
                0x0000000000001bb0                BusFault_Handler
                0x0000000000001bb0                USART2_TX_IRQHandler
 .text.atexit   0x0000000000001bb4        0xc /usr/lib/gcc/arm-none-eabi/4.8.2/../../../arm-none-eabi/lib/armv7-m/libc.a(lib_a-atexit.o)
                0x0000000000001bb4                atexit
 .text.exit     0x0000000000001bc0       0x20 /usr/lib/gcc/arm-none-eabi/4.8.2/../../../arm-none-eabi/lib/armv7-m/libc.a(lib_a-exit.o)
                0x0000000000001bc0                exit
 .text.__libc_fini_array
                0x0000000000001be0       0x34 /usr/lib/gcc/arm-none-eabi/4.8.2/../../../arm-none-eabi/lib/armv7-m/libc.a(lib_a-fini.o)
                0x0000000000001be0                __libc_fini_array
 .text.__libc_init_array
                0x0000000000001c14       0x5c /usr/lib/gcc/arm-none-eabi/4.8.2/../../../arm-none-eabi/lib/armv7-m/libc.a(lib_a-init.o)
                0x0000000000001c14                __libc_init_array
 .text.memset   0x0000000000001c70       0x94 /usr/lib/gcc/arm-none-eabi/4.8.2/../../../arm-none-eabi/lib/armv7-m/libc.a(lib_a-memset.o)
                0x0000000000001c70                memset
 .text.__register_exitproc
                0x0000000000001d04       0xac /usr/lib/gcc/arm-none-eabi/4.8.2/../../../arm-none-eabi/lib/armv7-m/libc.a(lib_a-__atexit.o)
                0x0000000000001d04                __register_exitproc
 .text.startup.register_fini
                0x0000000000001db0       0x18 /usr/lib/gcc/arm-none-eabi/4.8.2/../../../arm-none-eabi/lib/armv7-m/libc.a(lib_a-__call_atexit.o)
 .text.__call_exitprocs
                0x0000000000001dc8       0xf8 /usr/lib/gcc/arm-none-eabi/4.8.2/../../../arm-none-eabi/lib/armv7-m/libc.a(lib_a-__call_atexit.o)
                0x0000000000001dc8                __call_exitprocs
 .text._exit    0x0000000000001ec0        0x4 /usr/lib/gcc/arm-none-eabi/4.8.2/../../../arm-none-eabi/lib/armv7-m/libnosys.a(_exit.o)
                0x0000000000001ec0                _exit
 *(.init)
 .init          0x0000000000001ec4        0x4 /usr/lib/gcc/arm-none-eabi/4.8.2/armv7-m/crti.o
                0x0000000000001ec4                _init
 .init          0x0000000000001ec8        0x8 /usr/lib/gcc/arm-none-eabi/4.8.2/armv7-m/crtn.o
 *(.fini)
 .fini          0x0000000000001ed0        0x4 /usr/lib/gcc/arm-none-eabi/4.8.2/armv7-m/crti.o
                0x0000000000001ed0                _fini
 .fini          0x0000000000001ed4        0x8 /usr/lib/gcc/arm-none-eabi/4.8.2/armv7-m/crtn.o
 *crtbegin.o(.ctors)
 *crtbegin?.o(.ctors)
 *(EXCLUDE_FILE(*crtend.o *crtend?.o) .ctors)
 *(SORT(.ctors.*))
 *(.ctors)
 *crtbegin.o(.dtors)
 *crtbegin?.o(.dtors)
 *(EXCLUDE_FILE(*crtend.o *crtend?.o) .dtors)
 *(SORT(.dtors.*))
 *(.dtors)
 *(.rodata*)
 .rodata.spiTxData
                0x0000000000001edc       0x10 build/spi_master.o
                0x0000000000001edc                spiTxData
 .rodata        0x0000000000001eec       0x18 build/spi_master.o
 .rodata.str1.4
                0x0000000000001f04        0x4 /usr/lib/gcc/arm-none-eabi/4.8.2/../../../arm-none-eabi/lib/armv7-m/libc.a(lib_a-impure.o)
 .rodata._global_impure_ptr
                0x0000000000001f08        0x4 /usr/lib/gcc/arm-none-eabi/4.8.2/../../../arm-none-eabi/lib/armv7-m/libc.a(lib_a-impure.o)
                0x0000000000001f08                _global_impure_ptr
 *(.eh_frame*)
 .eh_frame      0x0000000000001f0c        0x0 /usr/lib/gcc/arm-none-eabi/4.8.2/armv7-m/crtbegin.o
 .eh_frame      0x0000000000001f0c        0x4 /usr/lib/gcc/arm-none-eabi/4.8.2/armv7-m/crtend.o

.glue_7         0x0000000000001f10        0x0
 .glue_7        0x0000000000000000        0x0 linker stubs

.glue_7t        0x0000000000001f10        0x0
 .glue_7t       0x0000000000000000        0x0 linker stubs

.vfp11_veneer   0x0000000000001f10        0x0
 .vfp11_veneer  0x0000000000000000        0x0 linker stubs

.v4_bx          0x0000000000001f10        0x0
 .v4_bx         0x0000000000000000        0x0 linker stubs

.iplt           0x0000000000001f10        0x0
 .iplt          0x0000000000000000        0x0 /usr/lib/gcc/arm-none-eabi/4.8.2/armv7-m/crtbegin.o

.ARM.extab
 *(.ARM.extab* .gnu.linkonce.armextab.*)
                0x0000000000001f10                __exidx_start = .

.ARM.exidx      0x0000000000001f10        0x8
 *(.ARM.exidx* .gnu.linkonce.armexidx.*)
 .ARM.exidx     0x0000000000001f10        0x8 /usr/lib/gcc/arm-none-eabi/4.8.2/../../../arm-none-eabi/lib/armv7-m/crt0.o
                0x0000000000001f18                __exidx_end = .
                0x0000000000001f18                __etext = .

.rel.dyn        0x0000000000001f18        0x0
 .rel.iplt      0x0000000000000000        0x0 /usr/lib/gcc/arm-none-eabi/4.8.2/armv7-m/crtbegin.o

.data           0x0000000020000000      0x440 load address 0x0000000000001f18
                0x0000000020000000                __data_start__ = .
 *(vtable)
 *(.data*)
 .data.SystemHFXOClock
                0x0000000020000000        0x4 build/system_efm32gg.o
 .data.SystemLFXOClock
                0x0000000020000004        0x4 build/system_efm32gg.o
 .data.impure_data
                0x0000000020000008      0x428 /usr/lib/gcc/arm-none-eabi/4.8.2/../../../arm-none-eabi/lib/armv7-m/libc.a(lib_a-impure.o)
                0x0000000020000430                . = ALIGN (0x4)
 *(.ram)
                0x0000000020000430                . = ALIGN (0x4)
                0x0000000020000430                PROVIDE (__preinit_array_start, .)
 *(.preinit_array)
                0x0000000020000430                PROVIDE (__preinit_array_end, .)
                0x0000000020000430                . = ALIGN (0x4)
                0x0000000020000430                PROVIDE (__init_array_start, .)
 *(SORT(.init_array.*))
 .init_array.00000
                0x0000000020000430        0x4 /usr/lib/gcc/arm-none-eabi/4.8.2/../../../arm-none-eabi/lib/armv7-m/libc.a(lib_a-__call_atexit.o)
 *(.init_array)
 .init_array    0x0000000020000434        0x4 /usr/lib/gcc/arm-none-eabi/4.8.2/armv7-m/crtbegin.o
                0x0000000020000438                PROVIDE (__init_array_end, .)
                0x0000000020000438                . = ALIGN (0x4)
                0x0000000020000438                PROVIDE (__fini_array_start, .)
 *(SORT(.fini_array.*))
 *(.fini_array)
 .fini_array    0x0000000020000438        0x4 /usr/lib/gcc/arm-none-eabi/4.8.2/armv7-m/crtbegin.o
                0x000000002000043c                PROVIDE (__fini_array_end, .)
 *(.jcr*)
 .jcr           0x000000002000043c        0x0 /usr/lib/gcc/arm-none-eabi/4.8.2/armv7-m/crtbegin.o
 .jcr           0x000000002000043c        0x4 /usr/lib/gcc/arm-none-eabi/4.8.2/armv7-m/crtend.o
                0x0000000020000440                . = ALIGN (0x4)
                0x0000000020000440                __data_end__ = .

.tm_clone_table
                0x0000000020000440        0x0 load address 0x0000000000002358
 .tm_clone_table
                0x0000000020000440        0x0 /usr/lib/gcc/arm-none-eabi/4.8.2/armv7-m/crtbegin.o
 .tm_clone_table
                0x0000000020000440        0x0 /usr/lib/gcc/arm-none-eabi/4.8.2/armv7-m/crtend.o

.igot.plt       0x0000000020000440        0x0 load address 0x0000000000002358
 .igot.plt      0x0000000000000000        0x0 /usr/lib/gcc/arm-none-eabi/4.8.2/armv7-m/crtbegin.o

.bss            0x0000000020000500      0x334 load address 0x0000000000002500
                0x0000000020000500                . = ALIGN (0x4)
                0x0000000020000500                __bss_start__ = .
 *(.bss*)
 .bss           0x0000000020000500       0x1c /usr/lib/gcc/arm-none-eabi/4.8.2/armv7-m/crtbegin.o
 .bss.INT_LockCnt
                0x000000002000051c        0x4 build/em_int.o
                0x000000002000051c                INT_LockCnt
 *(COMMON)
 COMMON         0x0000000020000520        0x4 build/system_efm32gg.o
                0x0000000020000520                SystemCoreClock
 *fill*         0x0000000020000524       0xdc 
 COMMON         0x0000000020000600      0x200 build/dmactrl.o
                0x0000000020000600                dmaControlBlock
 COMMON         0x0000000020000800       0x31 build/spi_master.o
                0x0000000020000800                rxActive
                0x0000000020000804                spiRxData2
                0x0000000020000814                spiCallback
                0x0000000020000820                spiRxData1
                0x0000000020000830                txActive
                0x0000000020000834                . = ALIGN (0x4)
 *fill*         0x0000000020000831        0x3 
                0x0000000020000834                __bss_end__ = .

.heap           0x0000000020000838      0xc00
                0x0000000020000838                __HeapBase = .
                0x0000000020000838                __end__ = .
                0x0000000020000838                end = __end__
                0x0000000020000838                _end = __end__
 *(.heap*)
 .heap          0x0000000020000838      0xc00 build/startup_efm32gg.o
                0x0000000020001438                __HeapLimit = .

.stack_dummy    0x0000000020000838      0x400
 *(.stack*)
 .stack         0x0000000020000838      0x400 build/startup_efm32gg.o
                0x0000000020020000                __StackTop = (ORIGIN (RAM) + 0x20000)
                0x000000002001fc00                __StackLimit = (__StackTop - SIZEOF (.stack_dummy))
                0x0000000020020000                PROVIDE (__stack, __StackTop)
                0x0000000000000001                ASSERT ((__StackLimit >= __HeapLimit), region RAM overflowed with stack)
                0x0000000000000001                ASSERT ((0x100000 >= (__etext + SIZEOF (.data))), FLASH memory overflowed !)
OUTPUT(exe/spi_master.out elf32-littlearm)

.ARM.attributes
                0x0000000000000000       0x29
 .ARM.attributes
                0x0000000000000000       0x1d /usr/lib/gcc/arm-none-eabi/4.8.2/armv7-m/crti.o
 .ARM.attributes
                0x000000000000001d       0x2d /usr/lib/gcc/arm-none-eabi/4.8.2/armv7-m/crtbegin.o
 .ARM.attributes
                0x000000000000004a       0x1b /usr/lib/gcc/arm-none-eabi/4.8.2/../../../arm-none-eabi/lib/armv7-m/crt0.o
 .ARM.attributes
                0x0000000000000065       0x33 build/system_efm32gg.o
 .ARM.attributes
                0x0000000000000098       0x33 build/dmactrl.o
 .ARM.attributes
                0x00000000000000cb       0x33 build/em_system.o
 .ARM.attributes
                0x00000000000000fe       0x33 build/em_cmu.o
 .ARM.attributes
                0x0000000000000131       0x33 build/em_dma.o
 .ARM.attributes
                0x0000000000000164       0x33 build/em_gpio.o
 .ARM.attributes
                0x0000000000000197       0x33 build/em_usart.o
 .ARM.attributes
                0x00000000000001ca       0x33 build/em_int.o
 .ARM.attributes
                0x00000000000001fd       0x33 build/spi_master.o
 .ARM.attributes
                0x0000000000000230       0x1b build/startup_efm32gg.o
 .ARM.attributes
                0x000000000000024b       0x2d /usr/lib/gcc/arm-none-eabi/4.8.2/../../../arm-none-eabi/lib/armv7-m/libc.a(lib_a-atexit.o)
 .ARM.attributes
                0x0000000000000278       0x2d /usr/lib/gcc/arm-none-eabi/4.8.2/../../../arm-none-eabi/lib/armv7-m/libc.a(lib_a-exit.o)
 .ARM.attributes
                0x00000000000002a5       0x2d /usr/lib/gcc/arm-none-eabi/4.8.2/../../../arm-none-eabi/lib/armv7-m/libc.a(lib_a-fini.o)
 .ARM.attributes
                0x00000000000002d2       0x2d /usr/lib/gcc/arm-none-eabi/4.8.2/../../../arm-none-eabi/lib/armv7-m/libc.a(lib_a-impure.o)
 .ARM.attributes
                0x00000000000002ff       0x2d /usr/lib/gcc/arm-none-eabi/4.8.2/../../../arm-none-eabi/lib/armv7-m/libc.a(lib_a-init.o)
 .ARM.attributes
                0x000000000000032c       0x2d /usr/lib/gcc/arm-none-eabi/4.8.2/../../../arm-none-eabi/lib/armv7-m/libc.a(lib_a-memset.o)
 .ARM.attributes
                0x0000000000000359       0x2d /usr/lib/gcc/arm-none-eabi/4.8.2/../../../arm-none-eabi/lib/armv7-m/libc.a(lib_a-__atexit.o)
 .ARM.attributes
                0x0000000000000386       0x2d /usr/lib/gcc/arm-none-eabi/4.8.2/../../../arm-none-eabi/lib/armv7-m/libc.a(lib_a-__call_atexit.o)
 .ARM.attributes
                0x00000000000003b3       0x2d /usr/lib/gcc/arm-none-eabi/4.8.2/../../../arm-none-eabi/lib/armv7-m/libnosys.a(_exit.o)
 .ARM.attributes
                0x00000000000003e0       0x2d /usr/lib/gcc/arm-none-eabi/4.8.2/armv7-m/crtend.o
 .ARM.attributes
                0x000000000000040d       0x1d /usr/lib/gcc/arm-none-eabi/4.8.2/armv7-m/crtn.o

.comment        0x0000000000000000       0x1f
 .comment       0x0000000000000000       0x1f /usr/lib/gcc/arm-none-eabi/4.8.2/armv7-m/crtbegin.o
                                         0x20 (size before relaxing)
 .comment       0x0000000000000000       0x20 build/system_efm32gg.o
 .comment       0x0000000000000000       0x20 build/dmactrl.o
 .comment       0x0000000000000000       0x20 build/em_system.o
 .comment       0x0000000000000000       0x20 build/em_cmu.o
 .comment       0x0000000000000000       0x20 build/em_dma.o
 .comment       0x0000000000000000       0x20 build/em_gpio.o
 .comment       0x0000000000000000       0x20 build/em_usart.o
 .comment       0x0000000000000000       0x20 build/em_int.o
 .comment       0x0000000000000000       0x20 build/spi_master.o
 .comment       0x0000000000000000       0x20 /usr/lib/gcc/arm-none-eabi/4.8.2/../../../arm-none-eabi/lib/armv7-m/libc.a(lib_a-atexit.o)
 .comment       0x0000000000000000       0x20 /usr/lib/gcc/arm-none-eabi/4.8.2/../../../arm-none-eabi/lib/armv7-m/libc.a(lib_a-exit.o)
 .comment       0x0000000000000000       0x20 /usr/lib/gcc/arm-none-eabi/4.8.2/../../../arm-none-eabi/lib/armv7-m/libc.a(lib_a-fini.o)
 .comment       0x0000000000000000       0x20 /usr/lib/gcc/arm-none-eabi/4.8.2/../../../arm-none-eabi/lib/armv7-m/libc.a(lib_a-impure.o)
 .comment       0x0000000000000000       0x20 /usr/lib/gcc/arm-none-eabi/4.8.2/../../../arm-none-eabi/lib/armv7-m/libc.a(lib_a-init.o)
 .comment       0x0000000000000000       0x20 /usr/lib/gcc/arm-none-eabi/4.8.2/../../../arm-none-eabi/lib/armv7-m/libc.a(lib_a-memset.o)
 .comment       0x0000000000000000       0x20 /usr/lib/gcc/arm-none-eabi/4.8.2/../../../arm-none-eabi/lib/armv7-m/libc.a(lib_a-__atexit.o)
 .comment       0x0000000000000000       0x20 /usr/lib/gcc/arm-none-eabi/4.8.2/../../../arm-none-eabi/lib/armv7-m/libc.a(lib_a-__call_atexit.o)
 .comment       0x0000000000000000       0x20 /usr/lib/gcc/arm-none-eabi/4.8.2/../../../arm-none-eabi/lib/armv7-m/libnosys.a(_exit.o)
 .comment       0x0000000000000000       0x20 /usr/lib/gcc/arm-none-eabi/4.8.2/armv7-m/crtend.o

.debug_line     0x0000000000000000     0x2218
 .debug_line    0x0000000000000000       0x7b /usr/lib/gcc/arm-none-eabi/4.8.2/../../../arm-none-eabi/lib/armv7-m/crt0.o
 .debug_line    0x000000000000007b      0x1ac build/system_efm32gg.o
 .debug_line    0x0000000000000227       0xac build/dmactrl.o
 .debug_line    0x00000000000002d3      0x109 build/em_system.o
 .debug_line    0x00000000000003dc      0x83b build/em_cmu.o
 .debug_line    0x0000000000000c17      0x3b5 build/em_dma.o
 .debug_line    0x0000000000000fcc      0x246 build/em_gpio.o
 .debug_line    0x0000000000001212      0x418 build/em_usart.o
 .debug_line    0x000000000000162a       0x8f build/em_int.o
 .debug_line    0x00000000000016b9      0x302 build/spi_master.o
 .debug_line    0x00000000000019bb       0xa6 /usr/lib/gcc/arm-none-eabi/4.8.2/../../../arm-none-eabi/lib/armv7-m/libc.a(lib_a-atexit.o)
 .debug_line    0x0000000000001a61      0x13f /usr/lib/gcc/arm-none-eabi/4.8.2/../../../arm-none-eabi/lib/armv7-m/libc.a(lib_a-exit.o)
 .debug_line    0x0000000000001ba0       0x9c /usr/lib/gcc/arm-none-eabi/4.8.2/../../../arm-none-eabi/lib/armv7-m/libc.a(lib_a-fini.o)
 .debug_line    0x0000000000001c3c       0xd6 /usr/lib/gcc/arm-none-eabi/4.8.2/../../../arm-none-eabi/lib/armv7-m/libc.a(lib_a-impure.o)
 .debug_line    0x0000000000001d12       0xb5 /usr/lib/gcc/arm-none-eabi/4.8.2/../../../arm-none-eabi/lib/armv7-m/libc.a(lib_a-init.o)
 .debug_line    0x0000000000001dc7       0xff /usr/lib/gcc/arm-none-eabi/4.8.2/../../../arm-none-eabi/lib/armv7-m/libc.a(lib_a-memset.o)
 .debug_line    0x0000000000001ec6      0x160 /usr/lib/gcc/arm-none-eabi/4.8.2/../../../arm-none-eabi/lib/armv7-m/libc.a(lib_a-__atexit.o)
 .debug_line    0x0000000000002026      0x19a /usr/lib/gcc/arm-none-eabi/4.8.2/../../../arm-none-eabi/lib/armv7-m/libc.a(lib_a-__call_atexit.o)
 .debug_line    0x00000000000021c0       0x58 /usr/lib/gcc/arm-none-eabi/4.8.2/../../../arm-none-eabi/lib/armv7-m/libnosys.a(_exit.o)

.debug_info     0x0000000000000000     0x79ff
 .debug_info    0x0000000000000000       0x8d /usr/lib/gcc/arm-none-eabi/4.8.2/../../../arm-none-eabi/lib/armv7-m/crt0.o
 .debug_info    0x000000000000008d      0x4dd build/system_efm32gg.o
 .debug_info    0x000000000000056a      0x11e build/dmactrl.o
 .debug_info    0x0000000000000688      0x23a build/em_system.o
 .debug_info    0x00000000000008c2     0x1367 build/em_cmu.o
 .debug_info    0x0000000000001c29     0x11d8 build/em_dma.o
 .debug_info    0x0000000000002e01      0x5ef build/em_gpio.o
 .debug_info    0x00000000000033f0      0xe23 build/em_usart.o
 .debug_info    0x0000000000004213       0xb9 build/em_int.o
 .debug_info    0x00000000000042cc      0xe70 build/spi_master.o
 .debug_info    0x000000000000513c      0x10a /usr/lib/gcc/arm-none-eabi/4.8.2/../../../arm-none-eabi/lib/armv7-m/libc.a(lib_a-atexit.o)
 .debug_info    0x0000000000005246      0x8e4 /usr/lib/gcc/arm-none-eabi/4.8.2/../../../arm-none-eabi/lib/armv7-m/libc.a(lib_a-exit.o)
 .debug_info    0x0000000000005b2a       0xef /usr/lib/gcc/arm-none-eabi/4.8.2/../../../arm-none-eabi/lib/armv7-m/libc.a(lib_a-fini.o)
 .debug_info    0x0000000000005c19      0x894 /usr/lib/gcc/arm-none-eabi/4.8.2/../../../arm-none-eabi/lib/armv7-m/libc.a(lib_a-impure.o)
 .debug_info    0x00000000000064ad      0x105 /usr/lib/gcc/arm-none-eabi/4.8.2/../../../arm-none-eabi/lib/armv7-m/libc.a(lib_a-init.o)
 .debug_info    0x00000000000065b2      0x117 /usr/lib/gcc/arm-none-eabi/4.8.2/../../../arm-none-eabi/lib/armv7-m/libc.a(lib_a-memset.o)
 .debug_info    0x00000000000066c9      0x934 /usr/lib/gcc/arm-none-eabi/4.8.2/../../../arm-none-eabi/lib/armv7-m/libc.a(lib_a-__atexit.o)
 .debug_info    0x0000000000006ffd      0x9aa /usr/lib/gcc/arm-none-eabi/4.8.2/../../../arm-none-eabi/lib/armv7-m/libc.a(lib_a-__call_atexit.o)
 .debug_info    0x00000000000079a7       0x58 /usr/lib/gcc/arm-none-eabi/4.8.2/../../../arm-none-eabi/lib/armv7-m/libnosys.a(_exit.o)

.debug_abbrev   0x0000000000000000     0x1a6a
 .debug_abbrev  0x0000000000000000       0x14 /usr/lib/gcc/arm-none-eabi/4.8.2/../../../arm-none-eabi/lib/armv7-m/crt0.o
 .debug_abbrev  0x0000000000000014      0x16b build/system_efm32gg.o
 .debug_abbrev  0x000000000000017f       0x98 build/dmactrl.o
 .debug_abbrev  0x0000000000000217       0xed build/em_system.o
 .debug_abbrev  0x0000000000000304      0x2f6 build/em_cmu.o
 .debug_abbrev  0x00000000000005fa      0x275 build/em_dma.o
 .debug_abbrev  0x000000000000086f      0x1eb build/em_gpio.o
 .debug_abbrev  0x0000000000000a5a      0x1d0 build/em_usart.o
 .debug_abbrev  0x0000000000000c2a       0x5c build/em_int.o
 .debug_abbrev  0x0000000000000c86      0x2c7 build/spi_master.o
 .debug_abbrev  0x0000000000000f4d       0xb8 /usr/lib/gcc/arm-none-eabi/4.8.2/../../../arm-none-eabi/lib/armv7-m/libc.a(lib_a-atexit.o)
 .debug_abbrev  0x0000000000001005      0x1e6 /usr/lib/gcc/arm-none-eabi/4.8.2/../../../arm-none-eabi/lib/armv7-m/libc.a(lib_a-exit.o)
 .debug_abbrev  0x00000000000011eb       0xbd /usr/lib/gcc/arm-none-eabi/4.8.2/../../../arm-none-eabi/lib/armv7-m/libc.a(lib_a-fini.o)
 .debug_abbrev  0x00000000000012a8      0x180 /usr/lib/gcc/arm-none-eabi/4.8.2/../../../arm-none-eabi/lib/armv7-m/libc.a(lib_a-impure.o)
 .debug_abbrev  0x0000000000001428       0xba /usr/lib/gcc/arm-none-eabi/4.8.2/../../../arm-none-eabi/lib/armv7-m/libc.a(lib_a-init.o)
 .debug_abbrev  0x00000000000014e2       0x9f /usr/lib/gcc/arm-none-eabi/4.8.2/../../../arm-none-eabi/lib/armv7-m/libc.a(lib_a-memset.o)
 .debug_abbrev  0x0000000000001581      0x20f /usr/lib/gcc/arm-none-eabi/4.8.2/../../../arm-none-eabi/lib/armv7-m/libc.a(lib_a-__atexit.o)
 .debug_abbrev  0x0000000000001790      0x285 /usr/lib/gcc/arm-none-eabi/4.8.2/../../../arm-none-eabi/lib/armv7-m/libc.a(lib_a-__call_atexit.o)
 .debug_abbrev  0x0000000000001a15       0x55 /usr/lib/gcc/arm-none-eabi/4.8.2/../../../arm-none-eabi/lib/armv7-m/libnosys.a(_exit.o)

.debug_aranges  0x0000000000000000      0x5e0
 .debug_aranges
                0x0000000000000000       0x20 /usr/lib/gcc/arm-none-eabi/4.8.2/../../../arm-none-eabi/lib/armv7-m/crt0.o
 .debug_aranges
                0x0000000000000020       0x70 build/system_efm32gg.o
 .debug_aranges
                0x0000000000000090       0x18 build/dmactrl.o
 .debug_aranges
                0x00000000000000a8       0x28 build/em_system.o
 .debug_aranges
                0x00000000000000d0      0x168 build/em_cmu.o
 .debug_aranges
                0x0000000000000238       0xc0 build/em_dma.o
 .debug_aranges
                0x00000000000002f8       0x70 build/em_gpio.o
 .debug_aranges
                0x0000000000000368       0xc0 build/em_usart.o
 .debug_aranges
                0x0000000000000428       0x18 build/em_int.o
 .debug_aranges
                0x0000000000000440       0x80 build/spi_master.o
 .debug_aranges
                0x00000000000004c0       0x20 /usr/lib/gcc/arm-none-eabi/4.8.2/../../../arm-none-eabi/lib/armv7-m/libc.a(lib_a-atexit.o)
 .debug_aranges
                0x00000000000004e0       0x20 /usr/lib/gcc/arm-none-eabi/4.8.2/../../../arm-none-eabi/lib/armv7-m/libc.a(lib_a-exit.o)
 .debug_aranges
                0x0000000000000500       0x20 /usr/lib/gcc/arm-none-eabi/4.8.2/../../../arm-none-eabi/lib/armv7-m/libc.a(lib_a-fini.o)
 .debug_aranges
                0x0000000000000520       0x18 /usr/lib/gcc/arm-none-eabi/4.8.2/../../../arm-none-eabi/lib/armv7-m/libc.a(lib_a-impure.o)
 .debug_aranges
                0x0000000000000538       0x20 /usr/lib/gcc/arm-none-eabi/4.8.2/../../../arm-none-eabi/lib/armv7-m/libc.a(lib_a-init.o)
 .debug_aranges
                0x0000000000000558       0x20 /usr/lib/gcc/arm-none-eabi/4.8.2/../../../arm-none-eabi/lib/armv7-m/libc.a(lib_a-memset.o)
 .debug_aranges
                0x0000000000000578       0x20 /usr/lib/gcc/arm-none-eabi/4.8.2/../../../arm-none-eabi/lib/armv7-m/libc.a(lib_a-__atexit.o)
 .debug_aranges
                0x0000000000000598       0x28 /usr/lib/gcc/arm-none-eabi/4.8.2/../../../arm-none-eabi/lib/armv7-m/libc.a(lib_a-__call_atexit.o)
 .debug_aranges
                0x00000000000005c0       0x20 /usr/lib/gcc/arm-none-eabi/4.8.2/../../../arm-none-eabi/lib/armv7-m/libnosys.a(_exit.o)

.debug_ranges   0x0000000000000000      0x4a8
 .debug_ranges  0x0000000000000000       0x60 build/system_efm32gg.o
 .debug_ranges  0x0000000000000060       0x18 build/em_system.o
 .debug_ranges  0x0000000000000078      0x158 build/em_cmu.o
 .debug_ranges  0x00000000000001d0       0xb0 build/em_dma.o
 .debug_ranges  0x0000000000000280       0x60 build/em_gpio.o
 .debug_ranges  0x00000000000002e0       0xb0 build/em_usart.o
 .debug_ranges  0x0000000000000390       0x70 build/spi_master.o
 .debug_ranges  0x0000000000000400       0x10 /usr/lib/gcc/arm-none-eabi/4.8.2/../../../arm-none-eabi/lib/armv7-m/libc.a(lib_a-atexit.o)
 .debug_ranges  0x0000000000000410       0x10 /usr/lib/gcc/arm-none-eabi/4.8.2/../../../arm-none-eabi/lib/armv7-m/libc.a(lib_a-exit.o)
 .debug_ranges  0x0000000000000420       0x10 /usr/lib/gcc/arm-none-eabi/4.8.2/../../../arm-none-eabi/lib/armv7-m/libc.a(lib_a-fini.o)
 .debug_ranges  0x0000000000000430       0x10 /usr/lib/gcc/arm-none-eabi/4.8.2/../../../arm-none-eabi/lib/armv7-m/libc.a(lib_a-init.o)
 .debug_ranges  0x0000000000000440       0x10 /usr/lib/gcc/arm-none-eabi/4.8.2/../../../arm-none-eabi/lib/armv7-m/libc.a(lib_a-memset.o)
 .debug_ranges  0x0000000000000450       0x10 /usr/lib/gcc/arm-none-eabi/4.8.2/../../../arm-none-eabi/lib/armv7-m/libc.a(lib_a-__atexit.o)
 .debug_ranges  0x0000000000000460       0x38 /usr/lib/gcc/arm-none-eabi/4.8.2/../../../arm-none-eabi/lib/armv7-m/libc.a(lib_a-__call_atexit.o)
 .debug_ranges  0x0000000000000498       0x10 /usr/lib/gcc/arm-none-eabi/4.8.2/../../../arm-none-eabi/lib/armv7-m/libnosys.a(_exit.o)

.debug_str      0x0000000000000000     0x3166
 .debug_str     0x0000000000000000      0x39a build/system_efm32gg.o
                                        0x421 (size before relaxing)
 .debug_str     0x000000000000039a       0x48 build/dmactrl.o
                                        0x1a4 (size before relaxing)
 .debug_str     0x00000000000003e2       0xe3 build/em_system.o
                                        0x24c (size before relaxing)
 .debug_str     0x00000000000004c5      0xc5f build/em_cmu.o
                                        0xfd1 (size before relaxing)
 .debug_str     0x0000000000001124      0x853 build/em_dma.o
                                        0xcf9 (size before relaxing)
 .debug_str     0x0000000000001977      0x3b6 build/em_gpio.o
                                        0x570 (size before relaxing)
 .debug_str     0x0000000000001d2d      0x956 build/em_usart.o
                                        0xd8f (size before relaxing)
 .debug_str     0x0000000000002683       0x19 build/em_int.o
                                        0x170 (size before relaxing)
 .debug_str     0x000000000000269c      0x1c9 build/spi_master.o
                                        0xdcd (size before relaxing)
 .debug_str     0x0000000000002865      0x140 /usr/lib/gcc/arm-none-eabi/4.8.2/../../../arm-none-eabi/lib/armv7-m/libc.a(lib_a-atexit.o)
                                        0x1d9 (size before relaxing)
 .debug_str     0x00000000000029a5      0x3f0 /usr/lib/gcc/arm-none-eabi/4.8.2/../../../arm-none-eabi/lib/armv7-m/libc.a(lib_a-exit.o)
                                        0x576 (size before relaxing)
 .debug_str     0x0000000000002d95       0xaf /usr/lib/gcc/arm-none-eabi/4.8.2/../../../arm-none-eabi/lib/armv7-m/libc.a(lib_a-fini.o)
                                        0x1d1 (size before relaxing)
 .debug_str     0x0000000000002e44       0x82 /usr/lib/gcc/arm-none-eabi/4.8.2/../../../arm-none-eabi/lib/armv7-m/libc.a(lib_a-impure.o)
                                        0x56d (size before relaxing)
 .debug_str     0x0000000000002ec6       0x90 /usr/lib/gcc/arm-none-eabi/4.8.2/../../../arm-none-eabi/lib/armv7-m/libc.a(lib_a-init.o)
                                        0x1fb (size before relaxing)
 .debug_str     0x0000000000002f56       0x93 /usr/lib/gcc/arm-none-eabi/4.8.2/../../../arm-none-eabi/lib/armv7-m/libc.a(lib_a-memset.o)
                                        0x1b0 (size before relaxing)
 .debug_str     0x0000000000002fe9       0x30 /usr/lib/gcc/arm-none-eabi/4.8.2/../../../arm-none-eabi/lib/armv7-m/libc.a(lib_a-__atexit.o)
                                        0x5b5 (size before relaxing)
 .debug_str     0x0000000000003019       0x70 /usr/lib/gcc/arm-none-eabi/4.8.2/../../../arm-none-eabi/lib/armv7-m/libc.a(lib_a-__call_atexit.o)
                                        0x5cd (size before relaxing)
 .debug_str     0x0000000000003089       0xdd /usr/lib/gcc/arm-none-eabi/4.8.2/../../../arm-none-eabi/lib/armv7-m/libnosys.a(_exit.o)
                                         0xe3 (size before relaxing)

.debug_frame    0x0000000000000000      0xbfc
 .debug_frame   0x0000000000000000       0xe0 build/system_efm32gg.o
 .debug_frame   0x00000000000000e0       0x38 build/em_system.o
 .debug_frame   0x0000000000000118      0x3ac build/em_cmu.o
 .debug_frame   0x00000000000004c4      0x1d4 build/em_dma.o
 .debug_frame   0x0000000000000698      0x100 build/em_gpio.o
 .debug_frame   0x0000000000000798      0x1d4 build/em_usart.o
 .debug_frame   0x000000000000096c      0x12c build/spi_master.o
 .debug_frame   0x0000000000000a98       0x20 /usr/lib/gcc/arm-none-eabi/4.8.2/../../../arm-none-eabi/lib/armv7-m/libc.a(lib_a-atexit.o)
 .debug_frame   0x0000000000000ab8       0x28 /usr/lib/gcc/arm-none-eabi/4.8.2/../../../arm-none-eabi/lib/armv7-m/libc.a(lib_a-exit.o)
 .debug_frame   0x0000000000000ae0       0x2c /usr/lib/gcc/arm-none-eabi/4.8.2/../../../arm-none-eabi/lib/armv7-m/libc.a(lib_a-fini.o)
 .debug_frame   0x0000000000000b0c       0x2c /usr/lib/gcc/arm-none-eabi/4.8.2/../../../arm-none-eabi/lib/armv7-m/libc.a(lib_a-init.o)
 .debug_frame   0x0000000000000b38       0x2c /usr/lib/gcc/arm-none-eabi/4.8.2/../../../arm-none-eabi/lib/armv7-m/libc.a(lib_a-memset.o)
 .debug_frame   0x0000000000000b64       0x30 /usr/lib/gcc/arm-none-eabi/4.8.2/../../../arm-none-eabi/lib/armv7-m/libc.a(lib_a-__atexit.o)
 .debug_frame   0x0000000000000b94       0x48 /usr/lib/gcc/arm-none-eabi/4.8.2/../../../arm-none-eabi/lib/armv7-m/libc.a(lib_a-__call_atexit.o)
 .debug_frame   0x0000000000000bdc       0x20 /usr/lib/gcc/arm-none-eabi/4.8.2/../../../arm-none-eabi/lib/armv7-m/libnosys.a(_exit.o)

.debug_loc      0x0000000000000000      0x581
 .debug_loc     0x0000000000000000       0x2c /usr/lib/gcc/arm-none-eabi/4.8.2/../../../arm-none-eabi/lib/armv7-m/libc.a(lib_a-atexit.o)
 .debug_loc     0x000000000000002c       0x1e /usr/lib/gcc/arm-none-eabi/4.8.2/../../../arm-none-eabi/lib/armv7-m/libc.a(lib_a-exit.o)
 .debug_loc     0x000000000000004a       0x5c /usr/lib/gcc/arm-none-eabi/4.8.2/../../../arm-none-eabi/lib/armv7-m/libc.a(lib_a-fini.o)
 .debug_loc     0x00000000000000a6       0xae /usr/lib/gcc/arm-none-eabi/4.8.2/../../../arm-none-eabi/lib/armv7-m/libc.a(lib_a-init.o)
 .debug_loc     0x0000000000000154      0x18b /usr/lib/gcc/arm-none-eabi/4.8.2/../../../arm-none-eabi/lib/armv7-m/libc.a(lib_a-memset.o)
 .debug_loc     0x00000000000002df      0x14d /usr/lib/gcc/arm-none-eabi/4.8.2/../../../arm-none-eabi/lib/armv7-m/libc.a(lib_a-__atexit.o)
 .debug_loc     0x000000000000042c      0x155 /usr/lib/gcc/arm-none-eabi/4.8.2/../../../arm-none-eabi/lib/armv7-m/libc.a(lib_a-__call_atexit.o)
